---
source: src/settings/path_finder.rs
expression: "PathFinderSettings::default()"
---
fwd2bwd_ratio: 0
goal_pressure_ratio: 0
use_path_cache: false
max_steps_worked_per_tick: 0
max_work_done_per_tick: 0
short_cache_size: 0
long_cache_size: 0
short_cache_min_cacheable_distance: 0
short_cache_min_algo_steps_to_cache: 0
long_cache_min_cacheable_distance: 0
cache_max_connect_to_cache_steps_multiplier: 0
cache_accept_path_start_distance_ratio: 0
cache_accept_path_end_distance_ratio: 0
negative_cache_accept_path_start_distance_ratio: 0
negative_cache_accept_path_end_distance_ratio: 0
cache_path_start_distance_rating_multiplier: 0
cache_path_end_distance_rating_multiplier: 0
stale_enemy_with_same_destination_collision_penalty: 0
ignore_moving_enemy_collision_distance: 0
enemy_with_different_destination_collision_penalty: 0
general_entity_collision_penalty: 0
general_entity_subsequent_collision_penalty: 0
extended_collision_penalty: 0
max_clients_to_accept_any_new_request: 0
max_clients_to_accept_short_new_request: 0
direct_distance_to_consider_short_request: 0
short_request_max_steps: 0
short_request_ratio: 0
min_steps_to_check_path_find_termination: 0
start_to_goal_cost_multiplier_to_terminate_path_find: 0
overload_levels:
  - 0
overload_multipliers:
  - 0
negative_path_cache_delay_interval: 0
